
===========================================================================
 report_power
============================================================================
======================= Fastest Corner ===================================

Group                  Internal  Switching    Leakage      Total
                          Power      Power      Power      Power (Watts)
----------------------------------------------------------------
Sequential             0.00e+00   0.00e+00   0.00e+00   0.00e+00   0.0%
Combinational          4.74e-06   1.10e-05   1.48e-10   1.57e-05 100.0%
Clock                  0.00e+00   0.00e+00   1.31e-10   1.31e-10   0.0%
Macro                  0.00e+00   0.00e+00   0.00e+00   0.00e+00   0.0%
Pad                    0.00e+00   0.00e+00   0.00e+00   0.00e+00   0.0%
----------------------------------------------------------------
Total                  4.74e-06   1.10e-05   2.79e-10   1.57e-05 100.0%
                          30.2%      69.8%       0.0%

======================= Slowest Corner ===================================

Group                  Internal  Switching    Leakage      Total
                          Power      Power      Power      Power (Watts)
----------------------------------------------------------------
Sequential             0.00e+00   0.00e+00   0.00e+00   0.00e+00   0.0%
Combinational          3.53e-06   7.31e-06   1.58e-07   1.10e-05 100.0%
Clock                  0.00e+00   0.00e+00   1.31e-10   1.31e-10   0.0%
Macro                  0.00e+00   0.00e+00   0.00e+00   0.00e+00   0.0%
Pad                    0.00e+00   0.00e+00   0.00e+00   0.00e+00   0.0%
----------------------------------------------------------------
Total                  3.53e-06   7.31e-06   1.58e-07   1.10e-05 100.0%
                          32.1%      66.5%       1.4%

======================= Typical Corner ===================================

Group                  Internal  Switching    Leakage      Total
                          Power      Power      Power      Power (Watts)
----------------------------------------------------------------
Sequential             0.00e+00   0.00e+00   0.00e+00   0.00e+00   0.0%
Combinational          4.27e-06   9.29e-06   9.05e-11   1.36e-05 100.0%
Clock                  0.00e+00   0.00e+00   1.31e-10   1.31e-10   0.0%
Macro                  0.00e+00   0.00e+00   0.00e+00   0.00e+00   0.0%
Pad                    0.00e+00   0.00e+00   0.00e+00   0.00e+00   0.0%
----------------------------------------------------------------
Total                  4.27e-06   9.29e-06   2.21e-10   1.36e-05 100.0%
                          31.5%      68.5%       0.0%

